../Core/Src/tim.c:34:6:MX_TIM2_Init	40	static
../Core/Src/tim.c:132:6:MX_TIM4_Init	40	static
../Core/Src/tim.c:172:6:MX_TIM6_Init	24	static
../Core/Src/tim.c:205:6:MX_TIM7_Init	24	static
../Core/Src/tim.c:238:6:HAL_TIM_IC_MspInit	40	static
../Core/Src/tim.c:270:6:HAL_TIM_Base_MspInit	24	static
../Core/Src/tim.c:330:6:HAL_TIM_MspPostInit	32	static
../Core/Src/tim.c:77:6:MX_TIM3_Init	72	static
../Core/Src/tim.c:358:6:HAL_TIM_IC_MspDeInit	8	static
../Core/Src/tim.c:382:6:HAL_TIM_Base_MspDeInit	0	static
